#-----------------------------------------------------------
# Vivado v2025.1 (64-bit)
# SW Build 6140274 on Wed May 21 22:58:25 MDT 2025
# IP Build 6138677 on Thu May 22 03:10:11 MDT 2025
# SharedData Build 6139179 on Tue May 20 17:58:58 MDT 2025
# Start of session at: Thu Nov 27 12:21:24 2025
# Process ID         : 33112
# Current directory  : /home/levente/git/Msc/FPGA-MP3/Verilog/FFT/FFT.runs/xfft_0_synth_1
# Command line       : vivado -log xfft_0.vds -product Vivado -mode batch -messageDb vivado.pb -notrace -source xfft_0.tcl
# Log file           : /home/levente/git/Msc/FPGA-MP3/Verilog/FFT/FFT.runs/xfft_0_synth_1/xfft_0.vds
# Journal file       : /home/levente/git/Msc/FPGA-MP3/Verilog/FFT/FFT.runs/xfft_0_synth_1/vivado.jou
# Running On         : leventepc
# Platform           : unknown
# Operating System   : unknown
# Processor Detail   : AMD Ryzen 7 5700X3D 8-Core Processor
# CPU Frequency      : 3238.729 MHz
# CPU Physical cores : 8
# CPU Logical cores  : 16
# Host memory        : 67300 MB
# Swap memory        : 8589 MB
# Total Virtual      : 75890 MB
# Available Virtual  : 70498 MB
#-----------------------------------------------------------
source xfft_0.tcl -notrace
